// Jest Snapshot v1, https://goo.gl/fbAQLP

exports[`Products Test should match the snapshot 1`] = `"<div class=\\"container\\"><main class=\\"products\\"><div class=\\"products__quantity\\"><p>1 items</p></div><div class=\\"products__items\\"><section class=\\"product\\" data-testid=\\"product\\"><a href=\\"/produto/20002605_613\\"><div class=\\"product__content\\"><img src=\\"https://viniciusvinna.netlify.app/assets/api-fashionista/20002605_615_catalog_1.jpg\\" alt=\\"VESTIDO TRANSPASSE BOW\\"><div class=\\"product__footer\\"><div class=\\"product__name\\">VESTIDO TRANSPASSE BOW</div><div class=\\"product__price\\">R$ 199,90</div></div></div></a></section></div><div class=\\"navsearch \\"><div class=\\"navsearch__icon\\"><button><svg xmlns=\\"http://www.w3.org/2000/svg\\" width=\\"24\\" height=\\"24\\" viewBox=\\"0 0 24 24\\" fill=\\"none\\" stroke=\\"currentColor\\" stroke-width=\\"2\\" stroke-linecap=\\"round\\" stroke-linejoin=\\"round\\"><circle cx=\\"11\\" cy=\\"11\\" r=\\"8\\"></circle><line x1=\\"21\\" y1=\\"21\\" x2=\\"16.65\\" y2=\\"16.65\\"></line></svg></button></div></div></main></div>"`;
