// Jest Snapshot v1, https://goo.gl/fbAQLP

exports[`Single Product Test should match the snapshot 1`] = `"<div class=\\"container\\"><main class=\\"single-product\\"><a class=\\"single-product__icon\\" href=\\"/\\"><svg xmlns=\\"http://www.w3.org/2000/svg\\" width=\\"24\\" height=\\"24\\" viewBox=\\"0 0 24 24\\" fill=\\"none\\" stroke=\\"currentColor\\" stroke-width=\\"2\\" stroke-linecap=\\"round\\" stroke-linejoin=\\"round\\"><line x1=\\"19\\" y1=\\"12\\" x2=\\"5\\" y2=\\"12\\"></line><polyline points=\\"12 19 5 12 12 5\\"></polyline></svg></a><div class=\\"product-image\\"><img src=\\"https://viniciusvinna.netlify.app/assets/api-fashionista/20002605_615_catalog_1.jpg\\" alt=\\"\\"></div><div class=\\"product-details\\"><div class=\\"details__content\\"><h4 class=\\"details__name\\">VESTIDO TRANSPASSE BOW</h4><p class=\\"details__style\\">Ref:20002605_613</p><p class=\\"details__color\\">Cor: Tape√ßaria</p><div class=\\"details__sizes\\"><button disabled=\\"\\" class=\\"sizes__item\\">PP</button><button class=\\"sizes__item\\">P</button><button class=\\"sizes__item\\">M</button><button class=\\"sizes__item\\">G</button><button disabled=\\"\\" class=\\"sizes__item\\">GG</button></div><div class=\\"product__price\\">R$ 199,90</div><p class=\\"details__installments\\">3x R$ 66,63 sem juros</p><div class=\\"details__button\\"><button>COMPRAR</button></div></div></div></main></div>"`;
